[15 May 2026 18:51:52.431] Only C and default locale supported with the posix collation implementation
[15 May 2026 18:51:52.432] Only C and default locale supported with the posix collation implementation
[15 May 2026 18:51:52.432] Case insensitive sorting unsupported in the posix collation implementation
[15 May 2026 18:51:52.432] Numeric mode unsupported in the posix collation implementation
[16 May 2026 17:59:49.594] MediaBrowser: Downloading script "040-MyFreeMP3.js"
[16 May 2026 18:01:04.824] Only C and default locale supported with the posix collation implementation
[16 May 2026 18:01:04.824] Only C and default locale supported with the posix collation implementation
[16 May 2026 18:01:04.824] Case insensitive sorting unsupported in the posix collation implementation
[16 May 2026 18:01:04.824] Numeric mode unsupported in the posix collation implementation
[16 May 2026 18:01:09.152] Only C and default locale supported with the posix collation implementation
[16 May 2026 18:01:09.152] Only C and default locale supported with the posix collation implementation
[16 May 2026 18:01:09.152] Case insensitive sorting unsupported in the posix collation implementation
[16 May 2026 18:01:09.152] Numeric mode unsupported in the posix collation implementation
[16 May 2026 18:01:09.178] Only C and default locale supported with the posix collation implementation
[16 May 2026 18:01:09.178] Only C and default locale supported with the posix collation implementation
[16 May 2026 18:01:09.178] Case insensitive sorting unsupported in the posix collation implementation
[16 May 2026 18:01:09.178] Numeric mode unsupported in the posix collation implementation
[16 May 2026 18:01:27.345] Only C and default locale supported with the posix collation implementation
[16 May 2026 18:01:27.345] Only C and default locale supported with the posix collation implementation
[16 May 2026 18:01:27.345] Case insensitive sorting unsupported in the posix collation implementation
[16 May 2026 18:01:27.345] Numeric mode unsupported in the posix collation implementation
[16 May 2026 18:01:36.525] Only C and default locale supported with the posix collation implementation
[16 May 2026 18:01:36.526] Only C and default locale supported with the posix collation implementation
[16 May 2026 18:01:36.526] Case insensitive sorting unsupported in the posix collation implementation
[16 May 2026 18:01:36.526] Numeric mode unsupported in the posix collation implementation
[16 May 2026 18:01:38.193] Only C and default locale supported with the posix collation implementation
[16 May 2026 18:01:38.193] Only C and default locale supported with the posix collation implementation
[16 May 2026 18:01:38.193] Case insensitive sorting unsupported in the posix collation implementation
[16 May 2026 18:01:38.193] Numeric mode unsupported in the posix collation implementation
[16 May 2026 18:01:40.964] Only C and default locale supported with the posix collation implementation
[16 May 2026 18:01:40.964] Only C and default locale supported with the posix collation implementation
[16 May 2026 18:01:40.964] Case insensitive sorting unsupported in the posix collation implementation
[16 May 2026 18:01:40.964] Numeric mode unsupported in the posix collation implementation
[16 May 2026 18:02:22.091] Only C and default locale supported with the posix collation implementation
[16 May 2026 18:02:22.091] Only C and default locale supported with the posix collation implementation
[16 May 2026 18:02:22.091] Case insensitive sorting unsupported in the posix collation implementation
[16 May 2026 18:02:22.091] Numeric mode unsupported in the posix collation implementation
[16 May 2026 18:02:33.275] Only C and default locale supported with the posix collation implementation
[16 May 2026 18:02:33.275] Only C and default locale supported with the posix collation implementation
[16 May 2026 18:02:33.275] Case insensitive sorting unsupported in the posix collation implementation
[16 May 2026 18:02:33.275] Numeric mode unsupported in the posix collation implementation
[16 May 2026 18:02:33.344] Only C and default locale supported with the posix collation implementation
[16 May 2026 18:02:33.344] Only C and default locale supported with the posix collation implementation
[16 May 2026 18:02:33.344] Case insensitive sorting unsupported in the posix collation implementation
[16 May 2026 18:02:33.344] Numeric mode unsupported in the posix collation implementation
[17 May 2026 20:35:38.171] Only C and default locale supported with the posix collation implementation
[17 May 2026 20:35:38.172] Only C and default locale supported with the posix collation implementation
[17 May 2026 20:35:38.172] Case insensitive sorting unsupported in the posix collation implementation
[17 May 2026 20:35:38.172] Numeric mode unsupported in the posix collation implementation
[17 May 2026 20:35:38.228] Only C and default locale supported with the posix collation implementation
[17 May 2026 20:35:38.228] Only C and default locale supported with the posix collation implementation
[17 May 2026 20:35:38.228] Case insensitive sorting unsupported in the posix collation implementation
[17 May 2026 20:35:38.228] Numeric mode unsupported in the posix collation implementation
[17 May 2026 20:35:38.469] Only C and default locale supported with the posix collation implementation
[17 May 2026 20:35:38.469] Only C and default locale supported with the posix collation implementation
[17 May 2026 20:35:38.469] Case insensitive sorting unsupported in the posix collation implementation
[17 May 2026 20:35:38.469] Numeric mode unsupported in the posix collation implementation
[17 May 2026 20:35:41.197] Only C and default locale supported with the posix collation implementation
[17 May 2026 20:35:41.197] Only C and default locale supported with the posix collation implementation
[17 May 2026 20:35:41.197] Case insensitive sorting unsupported in the posix collation implementation
[17 May 2026 20:35:41.197] Numeric mode unsupported in the posix collation implementation
[17 May 2026 20:35:43.683] Only C and default locale supported with the posix collation implementation
[17 May 2026 20:35:43.683] Only C and default locale supported with the posix collation implementation
[17 May 2026 20:35:43.683] Case insensitive sorting unsupported in the posix collation implementation
[17 May 2026 20:35:43.683] Numeric mode unsupported in the posix collation implementation
[17 May 2026 20:35:43.687] Only C and default locale supported with the posix collation implementation
[17 May 2026 20:35:43.687] Only C and default locale supported with the posix collation implementation
[17 May 2026 20:35:43.687] Case insensitive sorting unsupported in the posix collation implementation
[17 May 2026 20:35:43.687] Numeric mode unsupported in the posix collation implementation
[17 May 2026 20:35:44.215] Only C and default locale supported with the posix collation implementation
[17 May 2026 20:35:44.215] Only C and default locale supported with the posix collation implementation
[17 May 2026 20:35:44.215] Case insensitive sorting unsupported in the posix collation implementation
[17 May 2026 20:35:44.215] Numeric mode unsupported in the posix collation implementation
[17 May 2026 20:35:55.348] Only C and default locale supported with the posix collation implementation
[17 May 2026 20:35:55.348] Only C and default locale supported with the posix collation implementation
[17 May 2026 20:35:55.348] Case insensitive sorting unsupported in the posix collation implementation
[17 May 2026 20:35:55.348] Numeric mode unsupported in the posix collation implementation
[17 May 2026 20:35:56.483] Only C and default locale supported with the posix collation implementation
[17 May 2026 20:35:56.483] Only C and default locale supported with the posix collation implementation
[17 May 2026 20:35:56.484] Case insensitive sorting unsupported in the posix collation implementation
[17 May 2026 20:35:56.484] Numeric mode unsupported in the posix collation implementation
[17 May 2026 20:35:58.842] Only C and default locale supported with the posix collation implementation
[17 May 2026 20:35:58.842] Only C and default locale supported with the posix collation implementation
[17 May 2026 20:35:58.842] Case insensitive sorting unsupported in the posix collation implementation
[17 May 2026 20:35:58.842] Numeric mode unsupported in the posix collation implementation
[17 May 2026 20:36:03.286] Only C and default locale supported with the posix collation implementation
[17 May 2026 20:36:03.286] Only C and default locale supported with the posix collation implementation
[17 May 2026 20:36:03.286] Case insensitive sorting unsupported in the posix collation implementation
[17 May 2026 20:36:03.286] Numeric mode unsupported in the posix collation implementation
[17 May 2026 20:36:07.790] Only C and default locale supported with the posix collation implementation
[17 May 2026 20:36:07.790] Only C and default locale supported with the posix collation implementation
[17 May 2026 20:36:07.790] Case insensitive sorting unsupported in the posix collation implementation
[17 May 2026 20:36:07.790] Numeric mode unsupported in the posix collation implementation
[18 May 2026 21:21:46.139] Only C and default locale supported with the posix collation implementation
[18 May 2026 21:21:46.140] Only C and default locale supported with the posix collation implementation
[18 May 2026 21:21:46.140] Case insensitive sorting unsupported in the posix collation implementation
[18 May 2026 21:21:46.140] Numeric mode unsupported in the posix collation implementation
[18 May 2026 21:21:46.234] Only C and default locale supported with the posix collation implementation
[18 May 2026 21:21:46.234] Only C and default locale supported with the posix collation implementation
[18 May 2026 21:21:46.234] Case insensitive sorting unsupported in the posix collation implementation
[18 May 2026 21:21:46.234] Numeric mode unsupported in the posix collation implementation
[18 May 2026 21:22:22.831] Cannot open: /home/nitin/Downloads/Dhurandhar.The.Revenge.2026.HQ.4K-2160p.SDR.10Bit.NF.WEB-DL.Hindi-Multi.DDP5.1.HEVC.x265-HDHub4u.Ms.mkv
[19 May 2026 07:25:35.877] Only C and default locale supported with the posix collation implementation
[19 May 2026 07:25:35.877] Only C and default locale supported with the posix collation implementation
[19 May 2026 07:25:35.877] Case insensitive sorting unsupported in the posix collation implementation
[19 May 2026 07:25:35.877] Numeric mode unsupported in the posix collation implementation
[19 May 2026 07:25:35.979] Only C and default locale supported with the posix collation implementation
[19 May 2026 07:25:35.979] Only C and default locale supported with the posix collation implementation
[19 May 2026 07:25:35.979] Case insensitive sorting unsupported in the posix collation implementation
[19 May 2026 07:25:35.979] Numeric mode unsupported in the posix collation implementation
[19 May 2026 07:41:50.151] Only C and default locale supported with the posix collation implementation
[19 May 2026 07:41:50.151] Only C and default locale supported with the posix collation implementation
[19 May 2026 07:41:50.151] Case insensitive sorting unsupported in the posix collation implementation
[19 May 2026 07:41:50.151] Numeric mode unsupported in the posix collation implementation
[19 May 2026 07:48:04.001] Only C and default locale supported with the posix collation implementation
[19 May 2026 07:48:04.001] Only C and default locale supported with the posix collation implementation
[19 May 2026 07:48:04.001] Case insensitive sorting unsupported in the posix collation implementation
[19 May 2026 07:48:04.001] Numeric mode unsupported in the posix collation implementation
[19 May 2026 07:48:13.637] Only C and default locale supported with the posix collation implementation
[19 May 2026 07:48:13.637] Only C and default locale supported with the posix collation implementation
[19 May 2026 07:48:13.637] Case insensitive sorting unsupported in the posix collation implementation
[19 May 2026 07:48:13.637] Numeric mode unsupported in the posix collation implementation
[19 May 2026 07:48:16.231] Only C and default locale supported with the posix collation implementation
[19 May 2026 07:48:16.231] Only C and default locale supported with the posix collation implementation
[19 May 2026 07:48:16.231] Case insensitive sorting unsupported in the posix collation implementation
[19 May 2026 07:48:16.231] Numeric mode unsupported in the posix collation implementation
[19 May 2026 07:49:22.497] Only C and default locale supported with the posix collation implementation
[19 May 2026 07:49:22.497] Only C and default locale supported with the posix collation implementation
[19 May 2026 07:49:22.497] Case insensitive sorting unsupported in the posix collation implementation
[19 May 2026 07:49:22.498] Numeric mode unsupported in the posix collation implementation
[19 May 2026 07:49:28.554] Only C and default locale supported with the posix collation implementation
[19 May 2026 07:49:28.554] Only C and default locale supported with the posix collation implementation
[19 May 2026 07:49:28.554] Case insensitive sorting unsupported in the posix collation implementation
[19 May 2026 07:49:28.554] Numeric mode unsupported in the posix collation implementation
[19 May 2026 07:49:28.567] Only C and default locale supported with the posix collation implementation
[19 May 2026 07:49:28.567] Only C and default locale supported with the posix collation implementation
[19 May 2026 07:49:28.568] Case insensitive sorting unsupported in the posix collation implementation
[19 May 2026 07:49:28.568] Numeric mode unsupported in the posix collation implementation
[19 May 2026 07:49:30.401] Only C and default locale supported with the posix collation implementation
[19 May 2026 07:49:30.401] Only C and default locale supported with the posix collation implementation
[19 May 2026 07:49:30.401] Case insensitive sorting unsupported in the posix collation implementation
[19 May 2026 07:49:30.401] Numeric mode unsupported in the posix collation implementation
[19 May 2026 07:49:36.605] Only C and default locale supported with the posix collation implementation
[19 May 2026 07:49:36.605] Only C and default locale supported with the posix collation implementation
[19 May 2026 07:49:36.605] Case insensitive sorting unsupported in the posix collation implementation
[19 May 2026 07:49:36.605] Numeric mode unsupported in the posix collation implementation
[19 May 2026 07:50:21.133] Only C and default locale supported with the posix collation implementation
[19 May 2026 07:50:21.133] Only C and default locale supported with the posix collation implementation
[19 May 2026 07:50:21.133] Case insensitive sorting unsupported in the posix collation implementation
[19 May 2026 07:50:21.133] Numeric mode unsupported in the posix collation implementation
[19 May 2026 07:50:23.259] Only C and default locale supported with the posix collation implementation
[19 May 2026 07:50:23.259] Only C and default locale supported with the posix collation implementation
[19 May 2026 07:50:23.260] Case insensitive sorting unsupported in the posix collation implementation
[19 May 2026 07:50:23.260] Numeric mode unsupported in the posix collation implementation
[19 May 2026 07:50:26.138] Only C and default locale supported with the posix collation implementation
[19 May 2026 07:50:26.138] Only C and default locale supported with the posix collation implementation
[19 May 2026 07:50:26.138] Case insensitive sorting unsupported in the posix collation implementation
[19 May 2026 07:50:26.138] Numeric mode unsupported in the posix collation implementation
[21 May 2026 11:28:37.499] Only C and default locale supported with the posix collation implementation
[21 May 2026 11:28:37.504] Only C and default locale supported with the posix collation implementation
[21 May 2026 11:28:37.504] Case insensitive sorting unsupported in the posix collation implementation
[21 May 2026 11:28:37.504] Numeric mode unsupported in the posix collation implementation
[21 May 2026 11:31:20.379] Only C and default locale supported with the posix collation implementation
[21 May 2026 11:31:20.379] Only C and default locale supported with the posix collation implementation
[21 May 2026 11:31:20.379] Case insensitive sorting unsupported in the posix collation implementation
[21 May 2026 11:31:20.379] Numeric mode unsupported in the posix collation implementation
[21 May 2026 11:31:24.153] Only C and default locale supported with the posix collation implementation
[21 May 2026 11:31:24.153] Only C and default locale supported with the posix collation implementation
[21 May 2026 11:31:24.153] Case insensitive sorting unsupported in the posix collation implementation
[21 May 2026 11:31:24.153] Numeric mode unsupported in the posix collation implementation
[21 May 2026 11:37:38.345] Only C and default locale supported with the posix collation implementation
[21 May 2026 11:37:38.345] Only C and default locale supported with the posix collation implementation
[21 May 2026 11:37:38.346] Case insensitive sorting unsupported in the posix collation implementation
[21 May 2026 11:37:38.346] Numeric mode unsupported in the posix collation implementation
[21 May 2026 11:37:40.398] Only C and default locale supported with the posix collation implementation
[21 May 2026 11:37:40.398] Only C and default locale supported with the posix collation implementation
[21 May 2026 11:37:40.398] Case insensitive sorting unsupported in the posix collation implementation
[21 May 2026 11:37:40.398] Numeric mode unsupported in the posix collation implementation
[21 May 2026 11:37:42.326] Only C and default locale supported with the posix collation implementation
[21 May 2026 11:37:42.326] Only C and default locale supported with the posix collation implementation
[21 May 2026 11:37:42.326] Case insensitive sorting unsupported in the posix collation implementation
[21 May 2026 11:37:42.326] Numeric mode unsupported in the posix collation implementation
[21 May 2026 11:37:45.651] Only C and default locale supported with the posix collation implementation
[21 May 2026 11:37:45.651] Only C and default locale supported with the posix collation implementation
[21 May 2026 11:37:45.651] Case insensitive sorting unsupported in the posix collation implementation
[21 May 2026 11:37:45.652] Numeric mode unsupported in the posix collation implementation
[21 May 2026 12:45:51.593] Only C and default locale supported with the posix collation implementation
[21 May 2026 12:45:51.597] Only C and default locale supported with the posix collation implementation
[21 May 2026 12:45:51.598] Case insensitive sorting unsupported in the posix collation implementation
[21 May 2026 12:45:51.598] Numeric mode unsupported in the posix collation implementation
[21 May 2026 12:45:51.636] Only C and default locale supported with the posix collation implementation
[21 May 2026 12:45:51.636] Only C and default locale supported with the posix collation implementation
[21 May 2026 12:45:51.636] Case insensitive sorting unsupported in the posix collation implementation
[21 May 2026 12:45:51.636] Numeric mode unsupported in the posix collation implementation
[21 May 2026 12:45:58.857] Only C and default locale supported with the posix collation implementation
[21 May 2026 12:45:58.857] Only C and default locale supported with the posix collation implementation
[21 May 2026 12:45:58.857] Case insensitive sorting unsupported in the posix collation implementation
[21 May 2026 12:45:58.857] Numeric mode unsupported in the posix collation implementation
[21 May 2026 12:46:01.490] Only C and default locale supported with the posix collation implementation
[21 May 2026 12:46:01.490] Only C and default locale supported with the posix collation implementation
[21 May 2026 12:46:01.490] Case insensitive sorting unsupported in the posix collation implementation
[21 May 2026 12:46:01.490] Numeric mode unsupported in the posix collation implementation
[21 May 2026 12:46:08.412] Only C and default locale supported with the posix collation implementation
[21 May 2026 12:46:08.412] Only C and default locale supported with the posix collation implementation
[21 May 2026 12:46:08.412] Case insensitive sorting unsupported in the posix collation implementation
[21 May 2026 12:46:08.412] Numeric mode unsupported in the posix collation implementation
[21 May 2026 12:46:15.877] Only C and default locale supported with the posix collation implementation
[21 May 2026 12:46:15.877] Only C and default locale supported with the posix collation implementation
[21 May 2026 12:46:15.877] Case insensitive sorting unsupported in the posix collation implementation
[21 May 2026 12:46:15.877] Numeric mode unsupported in the posix collation implementation
[21 May 2026 12:46:39.322] Only C and default locale supported with the posix collation implementation
[21 May 2026 12:46:39.322] Only C and default locale supported with the posix collation implementation
[21 May 2026 12:46:39.322] Case insensitive sorting unsupported in the posix collation implementation
[21 May 2026 12:46:39.322] Numeric mode unsupported in the posix collation implementation
[21 May 2026 12:46:40.979] Only C and default locale supported with the posix collation implementation
[21 May 2026 12:46:40.979] Only C and default locale supported with the posix collation implementation
[21 May 2026 12:46:40.979] Case insensitive sorting unsupported in the posix collation implementation
[21 May 2026 12:46:40.979] Numeric mode unsupported in the posix collation implementation
[21 May 2026 12:46:55.107] Only C and default locale supported with the posix collation implementation
[21 May 2026 12:46:55.107] Only C and default locale supported with the posix collation implementation
[21 May 2026 12:46:55.107] Case insensitive sorting unsupported in the posix collation implementation
[21 May 2026 12:46:55.107] Numeric mode unsupported in the posix collation implementation
[21 May 2026 16:57:55.836] Only C and default locale supported with the posix collation implementation
[21 May 2026 16:57:55.842] Only C and default locale supported with the posix collation implementation
[21 May 2026 16:57:55.842] Case insensitive sorting unsupported in the posix collation implementation
[21 May 2026 16:57:55.842] Numeric mode unsupported in the posix collation implementation
[21 May 2026 16:58:36.265] Cannot open: http://127.0.0.1:11471/a1a0477a8794d145da9436d2e4c7834e041d9ba1/1
[21 May 2026 17:00:50.719] Cannot open: magnet:?xt=urn:btih:d0dc580a4e16bcde3c04760e90be2606a1cb3408
[21 May 2026 18:03:45.400] Cannot open: magnet:?xt=urn:btih:d0dc580a4e16bcde3c04760e90be2606a1cb3408
[22 May 2026 06:48:20.654] Cannot open: /mnt/hdd/Frontend Masters/recorded/Complete Intro to Databases v2/day 1/3_ALTERED.mp4
[24 May 2026 21:01:46.911] Only C and default locale supported with the posix collation implementation
[24 May 2026 21:01:46.914] Only C and default locale supported with the posix collation implementation
[24 May 2026 21:01:46.915] Case insensitive sorting unsupported in the posix collation implementation
[24 May 2026 21:01:46.915] Numeric mode unsupported in the posix collation implementation
[24 May 2026 21:01:48.233] Only C and default locale supported with the posix collation implementation
[24 May 2026 21:01:48.233] Only C and default locale supported with the posix collation implementation
[24 May 2026 21:01:48.233] Case insensitive sorting unsupported in the posix collation implementation
[24 May 2026 21:01:48.233] Numeric mode unsupported in the posix collation implementation
[24 May 2026 21:01:48.264] Only C and default locale supported with the posix collation implementation
[24 May 2026 21:01:48.264] Only C and default locale supported with the posix collation implementation
[24 May 2026 21:01:48.264] Case insensitive sorting unsupported in the posix collation implementation
[24 May 2026 21:01:48.264] Numeric mode unsupported in the posix collation implementation
[24 May 2026 21:01:57.092] Only C and default locale supported with the posix collation implementation
[24 May 2026 21:01:57.092] Only C and default locale supported with the posix collation implementation
[24 May 2026 21:01:57.092] Case insensitive sorting unsupported in the posix collation implementation
[24 May 2026 21:01:57.092] Numeric mode unsupported in the posix collation implementation
[24 May 2026 21:02:01.041] Only C and default locale supported with the posix collation implementation
[24 May 2026 21:02:01.041] Only C and default locale supported with the posix collation implementation
[24 May 2026 21:02:01.041] Case insensitive sorting unsupported in the posix collation implementation
[24 May 2026 21:02:01.041] Numeric mode unsupported in the posix collation implementation
[24 May 2026 21:02:03.067] Only C and default locale supported with the posix collation implementation
[24 May 2026 21:02:03.067] Only C and default locale supported with the posix collation implementation
[24 May 2026 21:02:03.067] Case insensitive sorting unsupported in the posix collation implementation
[24 May 2026 21:02:03.068] Numeric mode unsupported in the posix collation implementation
[24 May 2026 21:02:08.316] Only C and default locale supported with the posix collation implementation
[24 May 2026 21:02:08.316] Only C and default locale supported with the posix collation implementation
[24 May 2026 21:02:08.316] Case insensitive sorting unsupported in the posix collation implementation
[24 May 2026 21:02:08.316] Numeric mode unsupported in the posix collation implementation
[24 May 2026 21:02:54.532] Only C and default locale supported with the posix collation implementation
[24 May 2026 21:02:54.532] Only C and default locale supported with the posix collation implementation
[24 May 2026 21:02:54.532] Case insensitive sorting unsupported in the posix collation implementation
[24 May 2026 21:02:54.532] Numeric mode unsupported in the posix collation implementation
[24 May 2026 21:04:26.506] Only C and default locale supported with the posix collation implementation
[24 May 2026 21:04:26.506] Only C and default locale supported with the posix collation implementation
[24 May 2026 21:04:26.506] Case insensitive sorting unsupported in the posix collation implementation
[24 May 2026 21:04:26.506] Numeric mode unsupported in the posix collation implementation
[24 May 2026 21:04:27.900] Only C and default locale supported with the posix collation implementation
[24 May 2026 21:04:27.901] Only C and default locale supported with the posix collation implementation
[24 May 2026 21:04:27.901] Case insensitive sorting unsupported in the posix collation implementation
[24 May 2026 21:04:27.901] Numeric mode unsupported in the posix collation implementation
[24 May 2026 21:04:31.524] Only C and default locale supported with the posix collation implementation
[24 May 2026 21:04:31.524] Only C and default locale supported with the posix collation implementation
[24 May 2026 21:04:31.525] Case insensitive sorting unsupported in the posix collation implementation
[24 May 2026 21:04:31.525] Numeric mode unsupported in the posix collation implementation
[24 May 2026 21:04:35.107] Only C and default locale supported with the posix collation implementation
[24 May 2026 21:04:35.107] Only C and default locale supported with the posix collation implementation
[24 May 2026 21:04:35.107] Case insensitive sorting unsupported in the posix collation implementation
[24 May 2026 21:04:35.107] Numeric mode unsupported in the posix collation implementation
[24 May 2026 21:04:36.906] Only C and default locale supported with the posix collation implementation
[24 May 2026 21:04:36.906] Only C and default locale supported with the posix collation implementation
[24 May 2026 21:04:36.906] Case insensitive sorting unsupported in the posix collation implementation
[24 May 2026 21:04:36.906] Numeric mode unsupported in the posix collation implementation
[24 May 2026 21:04:39.279] Only C and default locale supported with the posix collation implementation
[24 May 2026 21:04:39.279] Only C and default locale supported with the posix collation implementation
[24 May 2026 21:04:39.279] Case insensitive sorting unsupported in the posix collation implementation
[24 May 2026 21:04:39.279] Numeric mode unsupported in the posix collation implementation
[24 May 2026 21:05:12.051] Only C and default locale supported with the posix collation implementation
[24 May 2026 21:05:12.051] Only C and default locale supported with the posix collation implementation
[24 May 2026 21:05:12.051] Case insensitive sorting unsupported in the posix collation implementation
[24 May 2026 21:05:12.051] Numeric mode unsupported in the posix collation implementation
[24 May 2026 21:05:20.663] Only C and default locale supported with the posix collation implementation
[24 May 2026 21:05:20.663] Only C and default locale supported with the posix collation implementation
[24 May 2026 21:05:20.663] Case insensitive sorting unsupported in the posix collation implementation
[24 May 2026 21:05:20.663] Numeric mode unsupported in the posix collation implementation
[24 May 2026 21:06:01.633] Only C and default locale supported with the posix collation implementation
[24 May 2026 21:06:01.633] Only C and default locale supported with the posix collation implementation
[24 May 2026 21:06:01.634] Case insensitive sorting unsupported in the posix collation implementation
[24 May 2026 21:06:01.634] Numeric mode unsupported in the posix collation implementation
[24 May 2026 21:06:04.190] Only C and default locale supported with the posix collation implementation
[24 May 2026 21:06:04.190] Only C and default locale supported with the posix collation implementation
[24 May 2026 21:06:04.190] Case insensitive sorting unsupported in the posix collation implementation
[24 May 2026 21:06:04.190] Numeric mode unsupported in the posix collation implementation
[24 May 2026 21:06:17.431] Only C and default locale supported with the posix collation implementation
[24 May 2026 21:06:17.431] Only C and default locale supported with the posix collation implementation
[24 May 2026 21:06:17.431] Case insensitive sorting unsupported in the posix collation implementation
[24 May 2026 21:06:17.431] Numeric mode unsupported in the posix collation implementation
[24 May 2026 21:06:19.637] Only C and default locale supported with the posix collation implementation
[24 May 2026 21:06:19.637] Only C and default locale supported with the posix collation implementation
[24 May 2026 21:06:19.637] Case insensitive sorting unsupported in the posix collation implementation
[24 May 2026 21:06:19.637] Numeric mode unsupported in the posix collation implementation
[24 May 2026 21:06:27.274] Only C and default locale supported with the posix collation implementation
[24 May 2026 21:06:27.274] Only C and default locale supported with the posix collation implementation
[24 May 2026 21:06:27.274] Case insensitive sorting unsupported in the posix collation implementation
[24 May 2026 21:06:27.274] Numeric mode unsupported in the posix collation implementation
[24 May 2026 21:06:37.870] Only C and default locale supported with the posix collation implementation
[24 May 2026 21:06:37.870] Only C and default locale supported with the posix collation implementation
[24 May 2026 21:06:37.870] Case insensitive sorting unsupported in the posix collation implementation
[24 May 2026 21:06:37.870] Numeric mode unsupported in the posix collation implementation
[24 May 2026 21:07:07.985] Only C and default locale supported with the posix collation implementation
[24 May 2026 21:07:07.985] Only C and default locale supported with the posix collation implementation
[24 May 2026 21:07:07.985] Case insensitive sorting unsupported in the posix collation implementation
[24 May 2026 21:07:07.985] Numeric mode unsupported in the posix collation implementation
[24 May 2026 21:07:09.141] Only C and default locale supported with the posix collation implementation
[24 May 2026 21:07:09.141] Only C and default locale supported with the posix collation implementation
[24 May 2026 21:07:09.141] Case insensitive sorting unsupported in the posix collation implementation
[24 May 2026 21:07:09.141] Numeric mode unsupported in the posix collation implementation
[24 May 2026 21:07:09.150] Only C and default locale supported with the posix collation implementation
[24 May 2026 21:07:09.150] Only C and default locale supported with the posix collation implementation
[24 May 2026 21:07:09.150] Case insensitive sorting unsupported in the posix collation implementation
[24 May 2026 21:07:09.150] Numeric mode unsupported in the posix collation implementation
[24 May 2026 21:07:11.343] Only C and default locale supported with the posix collation implementation
[24 May 2026 21:07:11.343] Only C and default locale supported with the posix collation implementation
[24 May 2026 21:07:11.343] Case insensitive sorting unsupported in the posix collation implementation
[24 May 2026 21:07:11.343] Numeric mode unsupported in the posix collation implementation
[24 May 2026 21:07:17.221] Only C and default locale supported with the posix collation implementation
[24 May 2026 21:07:17.222] Only C and default locale supported with the posix collation implementation
[24 May 2026 21:07:17.222] Case insensitive sorting unsupported in the posix collation implementation
[24 May 2026 21:07:17.222] Numeric mode unsupported in the posix collation implementation
[24 May 2026 21:07:19.388] Only C and default locale supported with the posix collation implementation
[24 May 2026 21:07:19.389] Only C and default locale supported with the posix collation implementation
[24 May 2026 21:07:19.389] Case insensitive sorting unsupported in the posix collation implementation
[24 May 2026 21:07:19.389] Numeric mode unsupported in the posix collation implementation
[24 May 2026 21:07:26.618] Only C and default locale supported with the posix collation implementation
[24 May 2026 21:07:26.618] Only C and default locale supported with the posix collation implementation
[24 May 2026 21:07:26.619] Case insensitive sorting unsupported in the posix collation implementation
[24 May 2026 21:07:26.619] Numeric mode unsupported in the posix collation implementation
[24 May 2026 21:07:28.939] Only C and default locale supported with the posix collation implementation
[24 May 2026 21:07:28.939] Only C and default locale supported with the posix collation implementation
[24 May 2026 21:07:28.939] Case insensitive sorting unsupported in the posix collation implementation
[24 May 2026 21:07:28.939] Numeric mode unsupported in the posix collation implementation
[24 May 2026 21:07:34.150] Only C and default locale supported with the posix collation implementation
[24 May 2026 21:07:34.150] Only C and default locale supported with the posix collation implementation
[24 May 2026 21:07:34.150] Case insensitive sorting unsupported in the posix collation implementation
[24 May 2026 21:07:34.150] Numeric mode unsupported in the posix collation implementation
[24 May 2026 21:07:56.438] Only C and default locale supported with the posix collation implementation
[24 May 2026 21:07:56.438] Only C and default locale supported with the posix collation implementation
[24 May 2026 21:07:56.438] Case insensitive sorting unsupported in the posix collation implementation
[24 May 2026 21:07:56.438] Numeric mode unsupported in the posix collation implementation
[08 Jun 2026 14:57:38.512] The X11 connection broke (error 1). Did the X11 server die?
[10 Jun 2026 13:39:16.433] Only C and default locale supported with the posix collation implementation
[10 Jun 2026 13:39:16.435] Only C and default locale supported with the posix collation implementation
[10 Jun 2026 13:39:16.436] Case insensitive sorting unsupported in the posix collation implementation
[10 Jun 2026 13:39:16.436] Numeric mode unsupported in the posix collation implementation
[10 Jun 2026 14:26:18.000] Only C and default locale supported with the posix collation implementation
[10 Jun 2026 14:26:18.000] Only C and default locale supported with the posix collation implementation
[10 Jun 2026 14:26:18.000] Case insensitive sorting unsupported in the posix collation implementation
[10 Jun 2026 14:26:18.000] Numeric mode unsupported in the posix collation implementation
[10 Jun 2026 14:26:21.201] Only C and default locale supported with the posix collation implementation
[10 Jun 2026 14:26:21.201] Only C and default locale supported with the posix collation implementation
[10 Jun 2026 14:26:21.201] Case insensitive sorting unsupported in the posix collation implementation
[10 Jun 2026 14:26:21.201] Numeric mode unsupported in the posix collation implementation
[10 Jun 2026 14:26:27.065] Only C and default locale supported with the posix collation implementation
[10 Jun 2026 14:26:27.065] Only C and default locale supported with the posix collation implementation
[10 Jun 2026 14:26:27.065] Case insensitive sorting unsupported in the posix collation implementation
[10 Jun 2026 14:26:27.065] Numeric mode unsupported in the posix collation implementation
[12 Jun 2026 12:05:55.163] Only C and default locale supported with the posix collation implementation
[12 Jun 2026 12:05:55.167] Only C and default locale supported with the posix collation implementation
[12 Jun 2026 12:05:55.167] Case insensitive sorting unsupported in the posix collation implementation
[12 Jun 2026 12:05:55.167] Numeric mode unsupported in the posix collation implementation
[12 Jun 2026 12:05:59.164] Only C and default locale supported with the posix collation implementation
[12 Jun 2026 12:05:59.164] Only C and default locale supported with the posix collation implementation
[12 Jun 2026 12:05:59.164] Case insensitive sorting unsupported in the posix collation implementation
[12 Jun 2026 12:05:59.164] Numeric mode unsupported in the posix collation implementation
[12 Jun 2026 12:06:06.186] Only C and default locale supported with the posix collation implementation
[12 Jun 2026 12:06:06.186] Only C and default locale supported with the posix collation implementation
[12 Jun 2026 12:06:06.186] Case insensitive sorting unsupported in the posix collation implementation
[12 Jun 2026 12:06:06.186] Numeric mode unsupported in the posix collation implementation
[12 Jun 2026 12:06:11.161] Only C and default locale supported with the posix collation implementation
[12 Jun 2026 12:06:11.161] Only C and default locale supported with the posix collation implementation
[12 Jun 2026 12:06:11.161] Case insensitive sorting unsupported in the posix collation implementation
[12 Jun 2026 12:06:11.161] Numeric mode unsupported in the posix collation implementation
[12 Jun 2026 12:06:19.162] Only C and default locale supported with the posix collation implementation
[12 Jun 2026 12:06:19.162] Only C and default locale supported with the posix collation implementation
[12 Jun 2026 12:06:19.162] Case insensitive sorting unsupported in the posix collation implementation
[12 Jun 2026 12:06:19.162] Numeric mode unsupported in the posix collation implementation
[12 Jun 2026 12:06:23.164] Only C and default locale supported with the posix collation implementation
[12 Jun 2026 12:06:23.164] Only C and default locale supported with the posix collation implementation
[12 Jun 2026 12:06:23.164] Case insensitive sorting unsupported in the posix collation implementation
[12 Jun 2026 12:06:23.164] Numeric mode unsupported in the posix collation implementation
[12 Jun 2026 12:06:26.166] Only C and default locale supported with the posix collation implementation
[12 Jun 2026 12:06:26.166] Only C and default locale supported with the posix collation implementation
[12 Jun 2026 12:06:26.166] Case insensitive sorting unsupported in the posix collation implementation
[12 Jun 2026 12:06:26.166] Numeric mode unsupported in the posix collation implementation
[12 Jun 2026 12:06:29.169] Only C and default locale supported with the posix collation implementation
[12 Jun 2026 12:06:29.169] Only C and default locale supported with the posix collation implementation
[12 Jun 2026 12:06:29.169] Case insensitive sorting unsupported in the posix collation implementation
[12 Jun 2026 12:06:29.169] Numeric mode unsupported in the posix collation implementation
[12 Jun 2026 12:50:52.268] Cannot open: http://127.0.0.1:11470/37045b35e1060c37cf0d1b87750c63b97387ac35/0?
